extractVCReuse.lean:14:8-14:13: warning: declaration uses `sorry`
Try this:
  [apply] exact taken.goal
extractVCReuse.lean:21:8-21:13: warning: declaration uses `sorry`
Try this:
  [apply] exact clash.goal_1
and above the declaration:
  theorem clash.goal_1 : True := by
    sorry
extractVCReuse.lean:26:8-26:13: warning: declaration uses `sorry`
Try this:
  [apply] exact twice.left
          exact twice.left
and above the declaration:
  theorem twice.left : True := by
    sorry
The code action "Close 1 goal with theorems of Init.Core" replaces `extract_vcs` with:
  exact Nat.add_zero n
extractVCReuse.lean:32:8-32:15: warning: declaration uses `sorry`
