extractVCs.lean:10:8-10:12: warning: declaration uses `sorry`
Try this:
  [apply] exact both.left n
          exact both.right n
and above the declaration:
  theorem both.left (n : Nat) : n + 0 = n := by
    sorry
  theorem both.right (n : Nat) : 0 + n = n := by
    sorry
extractVCs.lean:16:8-16:15: warning: declaration uses `sorry`
Try this:
  [apply] exact sameTag.a h
          exact sameTag.a_1 h
and above the declaration:
  theorem sameTag.a (h : 1 = 1 → 2 = 2 → False) : 1 = 1 := by
    sorry
  theorem sameTag.a_1 (h : 1 = 1 → 2 = 2 → False) : 2 = 2 := by
    sorry
The code action "Extract 2 goals into Example.VCs" adds to Example.VCs:
  theorem intoFile.left (n : Nat) : n + 0 = n := by
    sorry
  theorem intoFile.right (n : Nat) : 0 + n = n := by
    sorry
and replaces `extract_vcs` with:
  exact intoFile.left n
  exact intoFile.right n
extractVCs.lean:22:8-22:16: warning: declaration uses `sorry`
