{"textDocument": {"uri": "file:///extractGoals.lean"},
 "range":
 {"start": {"line": 10, "character": 2}, "end": {"line": 10, "character": 2}},
 "context": {"diagnostics": []}}
[{"title": "Extract 2 goals as theorems",
  "kind": "quickfix",
  "edit":
  {"documentChanges":
   [{"textDocument": {"version": 1, "uri": "file:///extractGoals.lean"},
     "edits":
     [{"range":
       {"start": {"line": 7, "character": 0},
        "end": {"line": 10, "character": 15}},
       "newText":
       "theorem womp.left (n : Nat) : n + 0 = n := by\n  sorry\n\ntheorem womp.right (n : Nat) : 0 + n = n := by\n  sorry\n\ntheorem womp : ∀ n : Nat, n + 0 = n ∧ 0 + n = n := by\n  intro\n  constructor\n  expose_names; exact womp.left n\n  expose_names; exact womp.right n"}]}]},
  "data":
  {"providerResultIndex": 0,
   "providerName":
   "_private.Lean.Meta.Tactic.TryThis.0.Lean.Meta.Tactic.TryThis.tryThisProvider",
   "params":
   {"textDocument": {"uri": "file:///extractGoals.lean"},
    "range":
    {"start": {"line": 10, "character": 2},
     "end": {"line": 10, "character": 2}},
    "context": {"diagnostics": []}}}}]
Resolution of Extract 2 goals as theorems:
{"title": "Extract 2 goals as theorems",
 "kind": "quickfix",
 "edit":
 {"documentChanges":
  [{"textDocument": {"version": 1, "uri": "file:///extractGoals.lean"},
    "edits":
    [{"range":
      {"start": {"line": 7, "character": 0},
       "end": {"line": 10, "character": 15}},
      "newText":
      "theorem womp.left (n : Nat) : n + 0 = n := by\n  sorry\n\ntheorem womp.right (n : Nat) : 0 + n = n := by\n  sorry\n\ntheorem womp : ∀ n : Nat, n + 0 = n ∧ 0 + n = n := by\n  intro\n  constructor\n  expose_names; exact womp.left n\n  expose_names; exact womp.right n"}]}]},
 "data":
 {"providerResultIndex": 0,
  "providerName":
  "_private.Lean.Meta.Tactic.TryThis.0.Lean.Meta.Tactic.TryThis.tryThisProvider",
  "params":
  {"textDocument": {"uri": "file:///extractGoals.lean"},
   "range":
   {"start": {"line": 10, "character": 2}, "end": {"line": 10, "character": 2}},
   "context": {"diagnostics": []}}}}
applied code action: Extract 2 goals as theorems
{"version": 2,
 "uri": "file:///extractGoals.lean",
 "isIncremental": false,
 "diagnostics":
 [{"source": "Lean 4",
   "severity": 2,
   "range":
   {"start": {"line": 7, "character": 8}, "end": {"line": 7, "character": 17}},
   "message": "declaration uses `sorry`",
   "fullRange":
   {"start": {"line": 7, "character": 8}, "end": {"line": 7, "character": 17}}},
  {"source": "Lean 4",
   "severity": 2,
   "range":
   {"start": {"line": 10, "character": 8},
    "end": {"line": 10, "character": 18}},
   "message": "declaration uses `sorry`",
   "fullRange":
   {"start": {"line": 10, "character": 8},
    "end": {"line": 10, "character": 18}}},
  {"source": "Lean 4",
   "severity": 3,
   "range":
   {"start": {"line": 13, "character": 0}, "end": {"line": 14, "character": 0}},
   "message": "Goals accomplished!",
   "leanTags": [2],
   "isSilent": true,
   "fullRange":
   {"start": {"line": 13, "character": 0},
    "end": {"line": 17, "character": 34}}}]}
