{"textDocument": {"uri": "file:///extractGoalsInto.lean"},
 "range":
 {"start": {"line": 11, "character": 2}, "end": {"line": 11, "character": 2}},
 "context": {"diagnostics": []}}
[{"title": "Extract 2 goals into Example.VCs",
  "kind": "refactor.extract",
  "isPreferred": true,
  "edit":
  {"documentChanges":
   [{"uri": "file:///Example/VCs.lean",
     "options": {"overwrite": false, "ignoreIfExists": true},
     "kind": "create"},
    {"textDocument": {"uri": "file:///Example/VCs.lean"},
     "edits":
     [{"range":
       {"start": {"line": 0, "character": 0},
        "end": {"line": 0, "character": 0}},
       "newText":
       "module\n\n-- Proofs of extracted goals rarely use all of their hypotheses.\nset_option linter.unusedVariables false\n\npublic theorem womp.left (n : Nat) : n + 0 = n := by\n  sorry\n\npublic theorem womp.right (n : Nat) : 0 + n = n := by\n  sorry\n"}]},
    {"textDocument": {"version": 1, "uri": "file:///extractGoalsInto.lean"},
     "edits":
     [{"range":
       {"start": {"line": 0, "character": 6},
        "end": {"line": 0, "character": 6}},
       "newText": "\n\nimport Example.VCs"},
      {"range":
       {"start": {"line": 11, "character": 2},
        "end": {"line": 11, "character": 32}},
       "newText":
       "expose_names; exact womp.left n\n  expose_names; exact womp.right n"}]}]},
  "data":
  {"providerResultIndex": 0,
   "providerName":
   "_private.Lean.Elab.Tactic.ExtractGoal.0.Lean.Elab.Tactic.ExtractGoal.intoFileProvider",
   "params":
   {"textDocument": {"uri": "file:///extractGoalsInto.lean"},
    "range":
    {"start": {"line": 11, "character": 2},
     "end": {"line": 11, "character": 2}},
    "context": {"diagnostics": []}}}}]
Resolution of Extract 2 goals into Example.VCs:
{"title": "Extract 2 goals into Example.VCs",
 "kind": "refactor.extract",
 "isPreferred": true,
 "edit":
 {"documentChanges":
  [{"uri": "file:///Example/VCs.lean",
    "options": {"overwrite": false, "ignoreIfExists": true},
    "kind": "create"},
   {"textDocument": {"uri": "file:///Example/VCs.lean"},
    "edits":
    [{"range":
      {"start": {"line": 0, "character": 0},
       "end": {"line": 0, "character": 0}},
      "newText":
      "module\n\n-- Proofs of extracted goals rarely use all of their hypotheses.\nset_option linter.unusedVariables false\n\npublic theorem womp.left (n : Nat) : n + 0 = n := by\n  sorry\n\npublic theorem womp.right (n : Nat) : 0 + n = n := by\n  sorry\n"}]},
   {"textDocument": {"version": 1, "uri": "file:///extractGoalsInto.lean"},
    "edits":
    [{"range":
      {"start": {"line": 0, "character": 6},
       "end": {"line": 0, "character": 6}},
      "newText": "\n\nimport Example.VCs"},
     {"range":
      {"start": {"line": 11, "character": 2},
       "end": {"line": 11, "character": 32}},
      "newText":
      "expose_names; exact womp.left n\n  expose_names; exact womp.right n"}]}]},
 "data":
 {"providerResultIndex": 0,
  "providerName":
  "_private.Lean.Elab.Tactic.ExtractGoal.0.Lean.Elab.Tactic.ExtractGoal.intoFileProvider",
  "params":
  {"textDocument": {"uri": "file:///extractGoalsInto.lean"},
   "range":
   {"start": {"line": 11, "character": 2}, "end": {"line": 11, "character": 2}},
   "context": {"diagnostics": []}}}}
