extractVCRejected.lean:12:2-12:12: error: goal contains metavariables; supply invariants first

h : ?n = ?n
⊢ True
extractVCRejected.lean:15:2-15:12: error: goal contains `sorry`, so it cannot be stated as a theorem

⊢ sorry = 0
extractVCRejected.lean:18:2-18:12: error: goal is not a proposition, so it cannot be stated as a theorem

⊢ Nat
extractVCRejected.lean:23:2-23:13: error: goal contains metavariables; supply invariants first

case left
h : ?n = ?n
⊢ True
extractVCRejected.lean:27:2-27:13: error: No goals to be solved
extractVCRejected.lean:41:2-41:13: error: goal is not a proposition, so it cannot be stated as a theorem

case inv1
l : List Nat
r : Nat
h : mySum l = r
⊢ Invariant l Nat PostShape.pure
